Date,Kitchen,Bedroom,Lounge,Garage
18/08/2018,,,,Ged
25/08/2018,Ged,Razvan,Ali,
01/09/2018,Razvan,,,
08/09/2018,Ali,Ali,,
15/09/2018,Ged,,,Razvan
22/09/2018,Razvan,Ged,Ged,
29/09/2018,Ali,,,
06/10/2018,Ged,Razvan,,
13/10/2018,Razvan,,,Ali
20/10/2018,Ali,Ali,Razvan,
27/10/2018,Ged,,,
03/11/2018,Razvan,Ged,,
10/11/2018,Ali,,,Ged
17/11/2018,Ged,Razvan,Ali,
24/11/2018,Razvan,,,
01/12/2018,Ali,Ali,,
08/12/2018,Ged,,,Razvan
