Date,Kitchen,Bedroom,Lounge,Garage,
18/08/2018,Ged,Razvan,,,
25/08/2018,Razvan,,Ged,Razvan,
01/09/2018,Ged,Ged,,,
08/09/2018,Razvan,,,,
15/09/2018,Ged,Razvan,,,
22/09/2018,Razvan,,Razvan,Ged,
29/09/2018,Ged,Ged,,,
06/10/2018,Razvan,,,,
13/10/2018,Ged,Razvan,,,
20/10/2018,Razvan,,Ged,Razvan,
27/10/2018,Ged,Ged,,,
03/11/2018,Razvan,,,,
10/11/2018,Ged,Razvan,,,
17/11/2018,Razvan,,Razvan,Ged,
24/11/2018,Ged,Ged,,,
01/12/2018,Razvan,,,,
08/12/2018,Ged,Razvan,,,
15/12/2018,Razvan,,Ged,Razvan,
