Date,Kitchen,Bedroom
18/08/2018,,
25/08/2018,Ged,Razvan
01/09/2018,Razvan,
08/09/2018,Ali,
15/09/2018,Peter,
22/09/2018,Ged,Ali
29/09/2018,Razvan,
06/10/2018,Ali,
13/10/2018,Peter,
20/10/2018,Ged,Peter
27/10/2018,Razvan,
03/11/2018,Ali,
10/11/2018,Peter,
17/11/2018,Ged,Ged
24/11/2018,Razvan,
01/12/2018,Ali,
08/12/2018,Peter,
